// Jest Snapshot v1, https://goo.gl/fbAQLP

exports[`PosterCard renders correctly 1`] = `
<a
  className="sc-bdVaJa sc-bxivhb dTcBvs"
  onClick={[Function]}
>
  <img
    src="some-image.jpg"
  />
  <div
    className="sc-ifAKCX FOUTS"
  >
    <div
      className="sc-bwzfXH uTxCW"
    >
      TopRight
    </div>
    <div
      className="sc-htpNat buBeEl"
    >
      BottomRightText
    </div>
  </div>
</a>
`;
