// Jest Snapshot v1, https://goo.gl/fbAQLP

exports[`Poster renders correctly 1`] = `
<a
  className="sc-bxivhb goOUWs sc-bdVaJa cxUmkD"
  onClick={[Function]}
>
  <img
    defaultImage="https://www.placecage.com/g/185/273"
    height={273}
    image="https://d1lolx4ilifvdr.cloudfront.net/poster/185x273/5.jpg"
    width={185}
  />
  <div
    className="sc-ifAKCX jHqQRB"
  >
    <div
      className="sc-bwzfXH uTxCW"
    >
      Some show name
    </div>
    <div
      className="sc-htpNat buBeEl"
    >
      6 JUNE
    </div>
  </div>
</a>
`;
